// Jest Snapshot v1, https://goo.gl/fbAQLP

exports[`IndexPage renders snapshot correctly 1`] = `
<div
  class="MuiBox-root css-1yp4ln"
>
  <div
    class="MuiBox-root css-d0uhtl"
  >
    <img
      alt=""
      aria-labelledby="site-name"
      loading="eager"
      src="../images/wernerdigital-hosted.png"
      width="160"
    />
  </div>
  <div
    class="MuiBox-root css-pntgf1"
  >
    <h1
      id="site-name"
    >
      Gatsby Starter
    </h1>
  </div>
</div>
`;
